info: Microsoft.EntityFrameworkCore.Migrations[20411]
      Acquiring an exclusive lock for migration application. See https://aka.ms/efcore-docs-migrations-lock for more information if this takes too long.
info: Microsoft.EntityFrameworkCore.Database.Command[20101]
      Executed DbCommand (18ms) [Parameters=[], CommandType='Text', CommandTimeout='30']
      SELECT COUNT(*) FROM "sqlite_master" WHERE "name" = '__EFMigrationsLock' AND "type" = 'table';
info: Microsoft.EntityFrameworkCore.Database.Command[20101]
      Executed DbCommand (1ms) [Parameters=[], CommandType='Text', CommandTimeout='30']
      INSERT OR IGNORE INTO "__EFMigrationsLock"("Id", "Timestamp") VALUES(1, '2026-09-23 12:31:20.8877444+00:00');
      SELECT changes();
info: Microsoft.EntityFrameworkCore.Database.Command[20101]
      Executed DbCommand (0ms) [Parameters=[], CommandType='Text', CommandTimeout='30']
      CREATE TABLE IF NOT EXISTS "__EFMigrationsHistory" (
          "MigrationId" TEXT NOT NULL CONSTRAINT "PK___EFMigrationsHistory" PRIMARY KEY,
          "ProductVersion" TEXT NOT NULL
      );
info: Microsoft.EntityFrameworkCore.Database.Command[20101]
      Executed DbCommand (0ms) [Parameters=[], CommandType='Text', CommandTimeout='30']
      SELECT COUNT(*) FROM "sqlite_master" WHERE "name" = '__EFMigrationsHistory' AND "type" = 'table';
info: Microsoft.EntityFrameworkCore.Database.Command[20101]
      Executed DbCommand (0ms) [Parameters=[], CommandType='Text', CommandTimeout='30']
      SELECT "MigrationId", "ProductVersion"
      FROM "__EFMigrationsHistory"
      ORDER BY "MigrationId";
info: Microsoft.EntityFrameworkCore.Migrations[20402]
      Applying migration '20260923122750_AddEventEndDate'.
info: Microsoft.EntityFrameworkCore.Database.Command[20101]
      Executed DbCommand (0ms) [Parameters=[], CommandType='Text', CommandTimeout='30']
      ALTER TABLE "EventContentVersions" ADD "EndDate" TEXT NOT NULL DEFAULT '0001-01-01 00:00:00';
info: Microsoft.EntityFrameworkCore.Database.Command[20101]
      Executed DbCommand (0ms) [Parameters=[], CommandType='Text', CommandTimeout='30']
      UPDATE EventContentVersions SET EndDate = StartDate;
info: Microsoft.EntityFrameworkCore.Database.Command[20101]
      Executed DbCommand (0ms) [Parameters=[], CommandType='Text', CommandTimeout='30']
      INSERT INTO "__EFMigrationsHistory" ("MigrationId", "ProductVersion")
      VALUES ('20260923122750_AddEventEndDate', '10.0.12');
info: Microsoft.EntityFrameworkCore.Database.Command[20101]
      Executed DbCommand (0ms) [Parameters=[], CommandType='Text', CommandTimeout='30']
      DELETE FROM "__EFMigrationsLock";
info: Microsoft.Hosting.Lifetime[14]
      Now listening on: http://localhost:5075
info: Microsoft.Hosting.Lifetime[0]
      Application started. Press Ctrl+C to shut down.
info: Microsoft.Hosting.Lifetime[0]
      Hosting environment: Production
info: Microsoft.Hosting.Lifetime[0]
      Content root path: C:\repos\CmsTestProject\src\Cms.Poc.Api
info: Microsoft.EntityFrameworkCore.Database.Command[20101]
      Executed DbCommand (3ms) [Parameters=[@key='?' (Size = 16)], CommandType='Text', CommandTimeout='30']
      SELECT "c"."Key", "c"."Value"
      FROM "CmsSettings" AS "c"
      WHERE "c"."Key" = @key
      LIMIT 2
info: Microsoft.EntityFrameworkCore.Database.Command[20101]
      Executed DbCommand (1ms) [Parameters=[@knownKeys1='?' (Size = 12), @knownKeys2='?' (Size = 11), @knownKeys3='?' (Size = 18), @id='?' (DbType = Int32)], CommandType='Text', CommandTimeout='30']
      SELECT "c"."Id", "c"."ContentTypeKey"
      FROM "ContentRoots" AS "c"
      WHERE "c"."ContentTypeKey" IN (@knownKeys1, @knownKeys2, @knownKeys3) AND "c"."Id" = @id
      ORDER BY "c"."Id"
info: Microsoft.EntityFrameworkCore.Database.Command[20101]
      Executed DbCommand (0ms) [Parameters=[@now='?' (DbType = DateTime)], CommandType='Text', CommandTimeout='30']
      SELECT "e"."Id", "e"."Created", "e"."CreatedBy", "e"."Description", "e"."EndDate", "e"."Intro", "e"."Name", "e"."PublishedBy", "e"."RootId", "e"."StartDate", "e"."StartPublish", "e"."StopPublish", "e"."Title", "e"."VersionNumber", "c"."Id", "c"."ContentTypeKey", "c"."Created", "c"."MasterLanguage"
      FROM "EventContentVersions" AS "e"
      INNER JOIN "ContentRoots" AS "c" ON "e"."RootId" = "c"."Id"
      WHERE "e"."StartPublish" IS NOT NULL AND "e"."StartPublish" <= @now AND ("e"."StopPublish" IS NULL OR "e"."StopPublish" > @now)
info: Microsoft.EntityFrameworkCore.Database.Command[20101]
      Executed DbCommand (0ms) [Parameters=[@language='?' (Size = 2), @now='?' (DbType = DateTime)], CommandType='Text', CommandTimeout='30']
      SELECT "e"."Id", "e"."Created", "e"."CreatedBy", "e"."Description", "e"."Intro", "e"."Language", "e"."Name", "e"."PublishedBy", "e"."RootId", "e"."StartPublish", "e"."StopPublish", "e"."Title", "e"."VersionNumber", "c"."Id", "c"."ContentTypeKey", "c"."Created", "c"."MasterLanguage"
      FROM "EventContentTranslations" AS "e"
      INNER JOIN "ContentRoots" AS "c" ON "e"."RootId" = "c"."Id"
      WHERE "e"."Language" = @language AND "e"."StartPublish" IS NOT NULL AND "e"."StartPublish" <= @now AND ("e"."StopPublish" IS NULL OR "e"."StopPublish" > @now)
info: Microsoft.EntityFrameworkCore.Database.Command[20101]
      Executed DbCommand (0ms) [Parameters=[], CommandType='Text', CommandTimeout='30']
      SELECT "e"."Id", "e"."Created", "e"."CreatedBy", "e"."Description", "e"."EndDate", "e"."Intro", "e"."Name", "e"."PublishedBy", "e"."RootId", "e"."StartDate", "e"."StartPublish", "e"."StopPublish", "e"."Title", "e"."VersionNumber"
      FROM "EventContentVersions" AS "e"
      WHERE 0
info: Microsoft.EntityFrameworkCore.Database.Command[20101]
      Executed DbCommand (0ms) [Parameters=[@rootId='?' (DbType = Int32)], CommandType='Text', CommandTimeout='30']
      SELECT "c"."MasterLanguage"
      FROM "ContentRoots" AS "c"
      WHERE "c"."Id" = @rootId
      LIMIT 1
info: Microsoft.EntityFrameworkCore.Database.Command[20101]
      Executed DbCommand (0ms) [Parameters=[@rootId='?' (DbType = Int32), @now='?' (DbType = DateTime)], CommandType='Text', CommandTimeout='30']
      SELECT "e"."VersionNumber"
      FROM "EventContentVersions" AS "e"
      WHERE "e"."RootId" = @rootId AND "e"."StartPublish" IS NOT NULL AND "e"."StartPublish" <= @now AND ("e"."StopPublish" IS NULL OR "e"."StopPublish" > @now)
      ORDER BY "e"."StartPublish" DESC
      LIMIT 1
info: Microsoft.EntityFrameworkCore.Database.Command[20101]
      Executed DbCommand (0ms) [Parameters=[@rootId='?' (DbType = Int32)], CommandType='Text', CommandTimeout='30']
      SELECT "c"."MasterLanguage"
      FROM "ContentRoots" AS "c"
      WHERE "c"."Id" = @rootId
      LIMIT 1
info: Microsoft.EntityFrameworkCore.Database.Command[20101]
      Executed DbCommand (0ms) [Parameters=[@rootId='?' (DbType = Int32)], CommandType='Text', CommandTimeout='30']
      SELECT "e"."VersionNumber"
      FROM "EventContentVersions" AS "e"
      WHERE "e"."RootId" = @rootId
      ORDER BY "e"."VersionNumber" DESC
      LIMIT 1
info: Microsoft.EntityFrameworkCore.Database.Command[20101]
      Executed DbCommand (0ms) [Parameters=[@ids1='?' (DbType = Int32)], CommandType='Text', CommandTimeout='30']
      SELECT "c"."Id" AS "RootId", "c"."MasterLanguage" AS "Language"
      FROM "ContentRoots" AS "c"
      WHERE "c"."Id" = @ids1
info: Microsoft.EntityFrameworkCore.Database.Command[20101]
      Executed DbCommand (0ms) [Parameters=[@ids1='?' (DbType = Int32)], CommandType='Text', CommandTimeout='30']
      SELECT DISTINCT "e"."RootId", "e"."Language"
      FROM "EventContentTranslations" AS "e"
      WHERE "e"."RootId" = @ids1
info: Microsoft.EntityFrameworkCore.Database.Command[20101]
      Executed DbCommand (0ms) [Parameters=[@ids1='?' (DbType = Int32)], CommandType='Text', CommandTimeout='30']
      SELECT "c"."Id", "c"."ContentTypeKey", "c"."Created", "c"."MasterLanguage"
      FROM "ContentRoots" AS "c"
      WHERE "c"."Id" = @ids1
info: Microsoft.EntityFrameworkCore.Database.Command[20101]
      Executed DbCommand (0ms) [Parameters=[@ids1='?' (DbType = Int32)], CommandType='Text', CommandTimeout='30']
      SELECT "e"."RootId", "e"."VersionNumber", "e"."StartPublish", "e"."StopPublish"
      FROM "EventContentVersions" AS "e"
      WHERE "e"."RootId" = @ids1
info: Microsoft.EntityFrameworkCore.Database.Command[20101]
      Executed DbCommand (0ms) [Parameters=[@ids1='?' (DbType = Int32)], CommandType='Text', CommandTimeout='30']
      SELECT "e"."RootId", "e"."Language", "e"."VersionNumber", "e"."StartPublish", "e"."StopPublish"
      FROM "EventContentTranslations" AS "e"
      WHERE "e"."RootId" = @ids1
info: Microsoft.EntityFrameworkCore.Database.Command[20101]
      Executed DbCommand (0ms) [Parameters=[@ids1='?' (DbType = Int32)], CommandType='Text', CommandTimeout='30']
      SELECT "e"."RootId", MAX("e"."Created") AS "Created"
      FROM "EventContentVersions" AS "e"
      WHERE "e"."RootId" = @ids1
      GROUP BY "e"."RootId"
      UNION ALL
      SELECT "e0"."RootId", MAX("e0"."Created") AS "Created"
      FROM "EventContentTranslations" AS "e0"
      WHERE "e0"."RootId" = @ids1
      GROUP BY "e0"."RootId"
info: Microsoft.EntityFrameworkCore.Database.Command[20101]
      Executed DbCommand (0ms) [Parameters=[@ids1='?' (DbType = Int32)], CommandType='Text', CommandTimeout='30']
      SELECT "c"."Id", "c"."ContentTypeKey", "c"."Created", "c"."MasterLanguage"
      FROM "ContentRoots" AS "c"
      WHERE "c"."Id" = @ids1
info: Microsoft.EntityFrameworkCore.Database.Command[20101]
      Executed DbCommand (0ms) [Parameters=[@knownKeys1='?' (Size = 12), @knownKeys2='?' (Size = 11), @knownKeys3='?' (Size = 18), @id='?' (DbType = Int32)], CommandType='Text', CommandTimeout='30']
      SELECT "c"."Id", "c"."ContentTypeKey"
      FROM "ContentRoots" AS "c"
      WHERE "c"."ContentTypeKey" IN (@knownKeys1, @knownKeys2, @knownKeys3) AND "c"."Id" = @id
      ORDER BY "c"."Id"
info: Microsoft.EntityFrameworkCore.Database.Command[20101]
      Executed DbCommand (0ms) [Parameters=[@now='?' (DbType = DateTime)], CommandType='Text', CommandTimeout='30']
      SELECT "e"."Id", "e"."Created", "e"."CreatedBy", "e"."Description", "e"."EndDate", "e"."Intro", "e"."Name", "e"."PublishedBy", "e"."RootId", "e"."StartDate", "e"."StartPublish", "e"."StopPublish", "e"."Title", "e"."VersionNumber", "c"."Id", "c"."ContentTypeKey", "c"."Created", "c"."MasterLanguage"
      FROM "EventContentVersions" AS "e"
      INNER JOIN "ContentRoots" AS "c" ON "e"."RootId" = "c"."Id"
      WHERE "e"."StartPublish" IS NOT NULL AND "e"."StartPublish" <= @now AND ("e"."StopPublish" IS NULL OR "e"."StopPublish" > @now)
info: Microsoft.EntityFrameworkCore.Database.Command[20101]
      Executed DbCommand (0ms) [Parameters=[@language='?' (Size = 2), @now='?' (DbType = DateTime)], CommandType='Text', CommandTimeout='30']
      SELECT "e"."Id", "e"."Created", "e"."CreatedBy", "e"."Description", "e"."Intro", "e"."Language", "e"."Name", "e"."PublishedBy", "e"."RootId", "e"."StartPublish", "e"."StopPublish", "e"."Title", "e"."VersionNumber", "c"."Id", "c"."ContentTypeKey", "c"."Created", "c"."MasterLanguage"
      FROM "EventContentTranslations" AS "e"
      INNER JOIN "ContentRoots" AS "c" ON "e"."RootId" = "c"."Id"
      WHERE "e"."Language" = @language AND "e"."StartPublish" IS NOT NULL AND "e"."StartPublish" <= @now AND ("e"."StopPublish" IS NULL OR "e"."StopPublish" > @now)
info: Microsoft.EntityFrameworkCore.Database.Command[20101]
      Executed DbCommand (0ms) [Parameters=[], CommandType='Text', CommandTimeout='30']
      SELECT "e"."Id", "e"."Created", "e"."CreatedBy", "e"."Description", "e"."EndDate", "e"."Intro", "e"."Name", "e"."PublishedBy", "e"."RootId", "e"."StartDate", "e"."StartPublish", "e"."StopPublish", "e"."Title", "e"."VersionNumber"
      FROM "EventContentVersions" AS "e"
      WHERE 0
info: Microsoft.EntityFrameworkCore.Database.Command[20101]
      Executed DbCommand (0ms) [Parameters=[@rootId='?' (DbType = Int32)], CommandType='Text', CommandTimeout='30']
      SELECT "c"."MasterLanguage"
      FROM "ContentRoots" AS "c"
      WHERE "c"."Id" = @rootId
      LIMIT 1
info: Microsoft.EntityFrameworkCore.Database.Command[20101]
      Executed DbCommand (0ms) [Parameters=[@rootId='?' (DbType = Int32), @now='?' (DbType = DateTime)], CommandType='Text', CommandTimeout='30']
      SELECT "e"."VersionNumber"
      FROM "EventContentVersions" AS "e"
      WHERE "e"."RootId" = @rootId AND "e"."StartPublish" IS NOT NULL AND "e"."StartPublish" <= @now AND ("e"."StopPublish" IS NULL OR "e"."StopPublish" > @now)
      ORDER BY "e"."StartPublish" DESC
      LIMIT 1
info: Microsoft.EntityFrameworkCore.Database.Command[20101]
      Executed DbCommand (0ms) [Parameters=[@rootId='?' (DbType = Int32)], CommandType='Text', CommandTimeout='30']
      SELECT "c"."MasterLanguage"
      FROM "ContentRoots" AS "c"
      WHERE "c"."Id" = @rootId
      LIMIT 1
info: Microsoft.EntityFrameworkCore.Database.Command[20101]
      Executed DbCommand (0ms) [Parameters=[@rootId='?' (DbType = Int32)], CommandType='Text', CommandTimeout='30']
      SELECT "e"."VersionNumber"
      FROM "EventContentVersions" AS "e"
      WHERE "e"."RootId" = @rootId
      ORDER BY "e"."VersionNumber" DESC
      LIMIT 1
info: Microsoft.EntityFrameworkCore.Database.Command[20101]
      Executed DbCommand (0ms) [Parameters=[@ids1='?' (DbType = Int32)], CommandType='Text', CommandTimeout='30']
      SELECT "c"."Id" AS "RootId", "c"."MasterLanguage" AS "Language"
      FROM "ContentRoots" AS "c"
      WHERE "c"."Id" = @ids1
info: Microsoft.EntityFrameworkCore.Database.Command[20101]
      Executed DbCommand (0ms) [Parameters=[@ids1='?' (DbType = Int32)], CommandType='Text', CommandTimeout='30']
      SELECT DISTINCT "e"."RootId", "e"."Language"
      FROM "EventContentTranslations" AS "e"
      WHERE "e"."RootId" = @ids1
info: Microsoft.EntityFrameworkCore.Database.Command[20101]
      Executed DbCommand (0ms) [Parameters=[@ids1='?' (DbType = Int32)], CommandType='Text', CommandTimeout='30']
      SELECT "c"."Id", "c"."ContentTypeKey", "c"."Created", "c"."MasterLanguage"
      FROM "ContentRoots" AS "c"
      WHERE "c"."Id" = @ids1
info: Microsoft.EntityFrameworkCore.Database.Command[20101]
      Executed DbCommand (0ms) [Parameters=[@ids1='?' (DbType = Int32)], CommandType='Text', CommandTimeout='30']
      SELECT "e"."RootId", "e"."VersionNumber", "e"."StartPublish", "e"."StopPublish"
      FROM "EventContentVersions" AS "e"
      WHERE "e"."RootId" = @ids1
info: Microsoft.EntityFrameworkCore.Database.Command[20101]
      Executed DbCommand (0ms) [Parameters=[@ids1='?' (DbType = Int32)], CommandType='Text', CommandTimeout='30']
      SELECT "e"."RootId", "e"."Language", "e"."VersionNumber", "e"."StartPublish", "e"."StopPublish"
      FROM "EventContentTranslations" AS "e"
      WHERE "e"."RootId" = @ids1
info: Microsoft.EntityFrameworkCore.Database.Command[20101]
      Executed DbCommand (0ms) [Parameters=[@ids1='?' (DbType = Int32)], CommandType='Text', CommandTimeout='30']
      SELECT "e"."RootId", MAX("e"."Created") AS "Created"
      FROM "EventContentVersions" AS "e"
      WHERE "e"."RootId" = @ids1
      GROUP BY "e"."RootId"
      UNION ALL
      SELECT "e0"."RootId", MAX("e0"."Created") AS "Created"
      FROM "EventContentTranslations" AS "e0"
      WHERE "e0"."RootId" = @ids1
      GROUP BY "e0"."RootId"
info: Microsoft.EntityFrameworkCore.Database.Command[20101]
      Executed DbCommand (0ms) [Parameters=[@ids1='?' (DbType = Int32)], CommandType='Text', CommandTimeout='30']
      SELECT "c"."Id", "c"."ContentTypeKey", "c"."Created", "c"."MasterLanguage"
      FROM "ContentRoots" AS "c"
      WHERE "c"."Id" = @ids1
info: Microsoft.EntityFrameworkCore.Database.Command[20101]
      Executed DbCommand (0ms) [Parameters=[@key='?' (Size = 16)], CommandType='Text', CommandTimeout='30']
      SELECT "c"."Key", "c"."Value"
      FROM "CmsSettings" AS "c"
      WHERE "c"."Key" = @key
      LIMIT 2
info: Microsoft.EntityFrameworkCore.Database.Command[20101]
      Executed DbCommand (0ms) [Parameters=[@knownKeys1='?' (Size = 12), @knownKeys2='?' (Size = 11), @knownKeys3='?' (Size = 18), @id='?' (DbType = Int32)], CommandType='Text', CommandTimeout='30']
      SELECT "c"."Id", "c"."ContentTypeKey"
      FROM "ContentRoots" AS "c"
      WHERE "c"."ContentTypeKey" IN (@knownKeys1, @knownKeys2, @knownKeys3) AND "c"."Id" = @id
      ORDER BY "c"."Id"
info: Microsoft.EntityFrameworkCore.Database.Command[20101]
      Executed DbCommand (0ms) [Parameters=[@now='?' (DbType = DateTime)], CommandType='Text', CommandTimeout='30']
      SELECT "e"."Id", "e"."Created", "e"."CreatedBy", "e"."Description", "e"."EndDate", "e"."Intro", "e"."Name", "e"."PublishedBy", "e"."RootId", "e"."StartDate", "e"."StartPublish", "e"."StopPublish", "e"."Title", "e"."VersionNumber", "c"."Id", "c"."ContentTypeKey", "c"."Created", "c"."MasterLanguage"
      FROM "EventContentVersions" AS "e"
      INNER JOIN "ContentRoots" AS "c" ON "e"."RootId" = "c"."Id"
      WHERE "e"."StartPublish" IS NOT NULL AND "e"."StartPublish" <= @now AND ("e"."StopPublish" IS NULL OR "e"."StopPublish" > @now)
info: Microsoft.EntityFrameworkCore.Database.Command[20101]
      Executed DbCommand (0ms) [Parameters=[@language='?' (Size = 2), @now='?' (DbType = DateTime)], CommandType='Text', CommandTimeout='30']
      SELECT "e"."Id", "e"."Created", "e"."CreatedBy", "e"."Description", "e"."Intro", "e"."Language", "e"."Name", "e"."PublishedBy", "e"."RootId", "e"."StartPublish", "e"."StopPublish", "e"."Title", "e"."VersionNumber", "c"."Id", "c"."ContentTypeKey", "c"."Created", "c"."MasterLanguage"
      FROM "EventContentTranslations" AS "e"
      INNER JOIN "ContentRoots" AS "c" ON "e"."RootId" = "c"."Id"
      WHERE "e"."Language" = @language AND "e"."StartPublish" IS NOT NULL AND "e"."StartPublish" <= @now AND ("e"."StopPublish" IS NULL OR "e"."StopPublish" > @now)
info: Microsoft.EntityFrameworkCore.Database.Command[20101]
      Executed DbCommand (0ms) [Parameters=[], CommandType='Text', CommandTimeout='30']
      SELECT "e"."Id", "e"."Created", "e"."CreatedBy", "e"."Description", "e"."EndDate", "e"."Intro", "e"."Name", "e"."PublishedBy", "e"."RootId", "e"."StartDate", "e"."StartPublish", "e"."StopPublish", "e"."Title", "e"."VersionNumber"
      FROM "EventContentVersions" AS "e"
      WHERE 0
info: Microsoft.EntityFrameworkCore.Database.Command[20101]
      Executed DbCommand (0ms) [Parameters=[@rootId='?' (DbType = Int32)], CommandType='Text', CommandTimeout='30']
      SELECT "c"."MasterLanguage"
      FROM "ContentRoots" AS "c"
      WHERE "c"."Id" = @rootId
      LIMIT 1
info: Microsoft.EntityFrameworkCore.Database.Command[20101]
      Executed DbCommand (0ms) [Parameters=[@rootId='?' (DbType = Int32), @now='?' (DbType = DateTime)], CommandType='Text', CommandTimeout='30']
      SELECT "e"."VersionNumber"
      FROM "EventContentVersions" AS "e"
      WHERE "e"."RootId" = @rootId AND "e"."StartPublish" IS NOT NULL AND "e"."StartPublish" <= @now AND ("e"."StopPublish" IS NULL OR "e"."StopPublish" > @now)
      ORDER BY "e"."StartPublish" DESC
      LIMIT 1
info: Microsoft.EntityFrameworkCore.Database.Command[20101]
      Executed DbCommand (0ms) [Parameters=[@rootId='?' (DbType = Int32)], CommandType='Text', CommandTimeout='30']
      SELECT "c"."MasterLanguage"
      FROM "ContentRoots" AS "c"
      WHERE "c"."Id" = @rootId
      LIMIT 1
info: Microsoft.EntityFrameworkCore.Database.Command[20101]
      Executed DbCommand (0ms) [Parameters=[@rootId='?' (DbType = Int32)], CommandType='Text', CommandTimeout='30']
      SELECT "e"."VersionNumber"
      FROM "EventContentVersions" AS "e"
      WHERE "e"."RootId" = @rootId
      ORDER BY "e"."VersionNumber" DESC
      LIMIT 1
info: Microsoft.EntityFrameworkCore.Database.Command[20101]
      Executed DbCommand (0ms) [Parameters=[@ids1='?' (DbType = Int32)], CommandType='Text', CommandTimeout='30']
      SELECT "c"."Id" AS "RootId", "c"."MasterLanguage" AS "Language"
      FROM "ContentRoots" AS "c"
      WHERE "c"."Id" = @ids1
info: Microsoft.EntityFrameworkCore.Database.Command[20101]
      Executed DbCommand (0ms) [Parameters=[@ids1='?' (DbType = Int32)], CommandType='Text', CommandTimeout='30']
      SELECT DISTINCT "e"."RootId", "e"."Language"
      FROM "EventContentTranslations" AS "e"
      WHERE "e"."RootId" = @ids1
info: Microsoft.EntityFrameworkCore.Database.Command[20101]
      Executed DbCommand (0ms) [Parameters=[@ids1='?' (DbType = Int32)], CommandType='Text', CommandTimeout='30']
      SELECT "c"."Id", "c"."ContentTypeKey", "c"."Created", "c"."MasterLanguage"
      FROM "ContentRoots" AS "c"
      WHERE "c"."Id" = @ids1
info: Microsoft.EntityFrameworkCore.Database.Command[20101]
      Executed DbCommand (0ms) [Parameters=[@ids1='?' (DbType = Int32)], CommandType='Text', CommandTimeout='30']
      SELECT "e"."RootId", "e"."VersionNumber", "e"."StartPublish", "e"."StopPublish"
      FROM "EventContentVersions" AS "e"
      WHERE "e"."RootId" = @ids1
info: Microsoft.EntityFrameworkCore.Database.Command[20101]
      Executed DbCommand (0ms) [Parameters=[@ids1='?' (DbType = Int32)], CommandType='Text', CommandTimeout='30']
      SELECT "e"."RootId", "e"."Language", "e"."VersionNumber", "e"."StartPublish", "e"."StopPublish"
      FROM "EventContentTranslations" AS "e"
      WHERE "e"."RootId" = @ids1
info: Microsoft.EntityFrameworkCore.Database.Command[20101]
      Executed DbCommand (0ms) [Parameters=[@ids1='?' (DbType = Int32)], CommandType='Text', CommandTimeout='30']
      SELECT "e"."RootId", MAX("e"."Created") AS "Created"
      FROM "EventContentVersions" AS "e"
      WHERE "e"."RootId" = @ids1
      GROUP BY "e"."RootId"
      UNION ALL
      SELECT "e0"."RootId", MAX("e0"."Created") AS "Created"
      FROM "EventContentTranslations" AS "e0"
      WHERE "e0"."RootId" = @ids1
      GROUP BY "e0"."RootId"
info: Microsoft.EntityFrameworkCore.Database.Command[20101]
      Executed DbCommand (0ms) [Parameters=[@ids1='?' (DbType = Int32)], CommandType='Text', CommandTimeout='30']
      SELECT "c"."Id", "c"."ContentTypeKey", "c"."Created", "c"."MasterLanguage"
      FROM "ContentRoots" AS "c"
      WHERE "c"."Id" = @ids1
info: Microsoft.EntityFrameworkCore.Database.Command[20101]
      Executed DbCommand (0ms) [Parameters=[@knownKeys1='?' (Size = 12), @knownKeys2='?' (Size = 11), @knownKeys3='?' (Size = 18), @id='?' (DbType = Int32)], CommandType='Text', CommandTimeout='30']
      SELECT "c"."Id", "c"."ContentTypeKey"
      FROM "ContentRoots" AS "c"
      WHERE "c"."ContentTypeKey" IN (@knownKeys1, @knownKeys2, @knownKeys3) AND "c"."Id" = @id
      ORDER BY "c"."Id"
info: Microsoft.EntityFrameworkCore.Database.Command[20101]
      Executed DbCommand (0ms) [Parameters=[@now='?' (DbType = DateTime)], CommandType='Text', CommandTimeout='30']
      SELECT "e"."Id", "e"."Created", "e"."CreatedBy", "e"."Description", "e"."EndDate", "e"."Intro", "e"."Name", "e"."PublishedBy", "e"."RootId", "e"."StartDate", "e"."StartPublish", "e"."StopPublish", "e"."Title", "e"."VersionNumber", "c"."Id", "c"."ContentTypeKey", "c"."Created", "c"."MasterLanguage"
      FROM "EventContentVersions" AS "e"
      INNER JOIN "ContentRoots" AS "c" ON "e"."RootId" = "c"."Id"
      WHERE "e"."StartPublish" IS NOT NULL AND "e"."StartPublish" <= @now AND ("e"."StopPublish" IS NULL OR "e"."StopPublish" > @now)
info: Microsoft.EntityFrameworkCore.Database.Command[20101]
      Executed DbCommand (0ms) [Parameters=[@language='?' (Size = 2), @now='?' (DbType = DateTime)], CommandType='Text', CommandTimeout='30']
      SELECT "e"."Id", "e"."Created", "e"."CreatedBy", "e"."Description", "e"."Intro", "e"."Language", "e"."Name", "e"."PublishedBy", "e"."RootId", "e"."StartPublish", "e"."StopPublish", "e"."Title", "e"."VersionNumber", "c"."Id", "c"."ContentTypeKey", "c"."Created", "c"."MasterLanguage"
      FROM "EventContentTranslations" AS "e"
      INNER JOIN "ContentRoots" AS "c" ON "e"."RootId" = "c"."Id"
      WHERE "e"."Language" = @language AND "e"."StartPublish" IS NOT NULL AND "e"."StartPublish" <= @now AND ("e"."StopPublish" IS NULL OR "e"."StopPublish" > @now)
info: Microsoft.EntityFrameworkCore.Database.Command[20101]
      Executed DbCommand (0ms) [Parameters=[], CommandType='Text', CommandTimeout='30']
      SELECT "e"."Id", "e"."Created", "e"."CreatedBy", "e"."Description", "e"."EndDate", "e"."Intro", "e"."Name", "e"."PublishedBy", "e"."RootId", "e"."StartDate", "e"."StartPublish", "e"."StopPublish", "e"."Title", "e"."VersionNumber"
      FROM "EventContentVersions" AS "e"
      WHERE 0
info: Microsoft.EntityFrameworkCore.Database.Command[20101]
      Executed DbCommand (0ms) [Parameters=[@rootId='?' (DbType = Int32)], CommandType='Text', CommandTimeout='30']
      SELECT "c"."MasterLanguage"
      FROM "ContentRoots" AS "c"
      WHERE "c"."Id" = @rootId
      LIMIT 1
info: Microsoft.EntityFrameworkCore.Database.Command[20101]
      Executed DbCommand (0ms) [Parameters=[@rootId='?' (DbType = Int32), @now='?' (DbType = DateTime)], CommandType='Text', CommandTimeout='30']
      SELECT "e"."VersionNumber"
      FROM "EventContentVersions" AS "e"
      WHERE "e"."RootId" = @rootId AND "e"."StartPublish" IS NOT NULL AND "e"."StartPublish" <= @now AND ("e"."StopPublish" IS NULL OR "e"."StopPublish" > @now)
      ORDER BY "e"."StartPublish" DESC
      LIMIT 1
info: Microsoft.EntityFrameworkCore.Database.Command[20101]
      Executed DbCommand (0ms) [Parameters=[@rootId='?' (DbType = Int32)], CommandType='Text', CommandTimeout='30']
      SELECT "c"."MasterLanguage"
      FROM "ContentRoots" AS "c"
      WHERE "c"."Id" = @rootId
      LIMIT 1
info: Microsoft.EntityFrameworkCore.Database.Command[20101]
      Executed DbCommand (0ms) [Parameters=[@rootId='?' (DbType = Int32)], CommandType='Text', CommandTimeout='30']
      SELECT "e"."VersionNumber"
      FROM "EventContentVersions" AS "e"
      WHERE "e"."RootId" = @rootId
      ORDER BY "e"."VersionNumber" DESC
      LIMIT 1
info: Microsoft.EntityFrameworkCore.Database.Command[20101]
      Executed DbCommand (0ms) [Parameters=[@ids1='?' (DbType = Int32)], CommandType='Text', CommandTimeout='30']
      SELECT "c"."Id" AS "RootId", "c"."MasterLanguage" AS "Language"
      FROM "ContentRoots" AS "c"
      WHERE "c"."Id" = @ids1
info: Microsoft.EntityFrameworkCore.Database.Command[20101]
      Executed DbCommand (0ms) [Parameters=[@ids1='?' (DbType = Int32)], CommandType='Text', CommandTimeout='30']
      SELECT DISTINCT "e"."RootId", "e"."Language"
      FROM "EventContentTranslations" AS "e"
      WHERE "e"."RootId" = @ids1
info: Microsoft.EntityFrameworkCore.Database.Command[20101]
      Executed DbCommand (0ms) [Parameters=[@ids1='?' (DbType = Int32)], CommandType='Text', CommandTimeout='30']
      SELECT "c"."Id", "c"."ContentTypeKey", "c"."Created", "c"."MasterLanguage"
      FROM "ContentRoots" AS "c"
      WHERE "c"."Id" = @ids1
info: Microsoft.EntityFrameworkCore.Database.Command[20101]
      Executed DbCommand (0ms) [Parameters=[@ids1='?' (DbType = Int32)], CommandType='Text', CommandTimeout='30']
      SELECT "e"."RootId", "e"."VersionNumber", "e"."StartPublish", "e"."StopPublish"
      FROM "EventContentVersions" AS "e"
      WHERE "e"."RootId" = @ids1
info: Microsoft.EntityFrameworkCore.Database.Command[20101]
      Executed DbCommand (0ms) [Parameters=[@ids1='?' (DbType = Int32)], CommandType='Text', CommandTimeout='30']
      SELECT "e"."RootId", "e"."Language", "e"."VersionNumber", "e"."StartPublish", "e"."StopPublish"
      FROM "EventContentTranslations" AS "e"
      WHERE "e"."RootId" = @ids1
info: Microsoft.EntityFrameworkCore.Database.Command[20101]
      Executed DbCommand (0ms) [Parameters=[@ids1='?' (DbType = Int32)], CommandType='Text', CommandTimeout='30']
      SELECT "e"."RootId", MAX("e"."Created") AS "Created"
      FROM "EventContentVersions" AS "e"
      WHERE "e"."RootId" = @ids1
      GROUP BY "e"."RootId"
      UNION ALL
      SELECT "e0"."RootId", MAX("e0"."Created") AS "Created"
      FROM "EventContentTranslations" AS "e0"
      WHERE "e0"."RootId" = @ids1
      GROUP BY "e0"."RootId"
info: Microsoft.EntityFrameworkCore.Database.Command[20101]
      Executed DbCommand (0ms) [Parameters=[@ids1='?' (DbType = Int32)], CommandType='Text', CommandTimeout='30']
      SELECT "c"."Id", "c"."ContentTypeKey", "c"."Created", "c"."MasterLanguage"
      FROM "ContentRoots" AS "c"
      WHERE "c"."Id" = @ids1
info: Microsoft.EntityFrameworkCore.Database.Command[20101]
      Executed DbCommand (0ms) [Parameters=[@knownKeys1='?' (Size = 12), @knownKeys2='?' (Size = 11), @knownKeys3='?' (Size = 18), @id='?' (DbType = Int32)], CommandType='Text', CommandTimeout='30']
      SELECT "c"."Id", "c"."ContentTypeKey"
      FROM "ContentRoots" AS "c"
      WHERE "c"."ContentTypeKey" IN (@knownKeys1, @knownKeys2, @knownKeys3) AND "c"."Id" = @id
      ORDER BY "c"."Id"
info: Microsoft.EntityFrameworkCore.Database.Command[20101]
      Executed DbCommand (0ms) [Parameters=[@now='?' (DbType = DateTime)], CommandType='Text', CommandTimeout='30']
      SELECT "e"."Id", "e"."Created", "e"."CreatedBy", "e"."Description", "e"."EndDate", "e"."Intro", "e"."Name", "e"."PublishedBy", "e"."RootId", "e"."StartDate", "e"."StartPublish", "e"."StopPublish", "e"."Title", "e"."VersionNumber", "c"."Id", "c"."ContentTypeKey", "c"."Created", "c"."MasterLanguage"
      FROM "EventContentVersions" AS "e"
      INNER JOIN "ContentRoots" AS "c" ON "e"."RootId" = "c"."Id"
      WHERE "e"."StartPublish" IS NOT NULL AND "e"."StartPublish" <= @now AND ("e"."StopPublish" IS NULL OR "e"."StopPublish" > @now)
info: Microsoft.EntityFrameworkCore.Database.Command[20101]
      Executed DbCommand (0ms) [Parameters=[@language='?' (Size = 2), @now='?' (DbType = DateTime)], CommandType='Text', CommandTimeout='30']
      SELECT "e"."Id", "e"."Created", "e"."CreatedBy", "e"."Description", "e"."Intro", "e"."Language", "e"."Name", "e"."PublishedBy", "e"."RootId", "e"."StartPublish", "e"."StopPublish", "e"."Title", "e"."VersionNumber", "c"."Id", "c"."ContentTypeKey", "c"."Created", "c"."MasterLanguage"
      FROM "EventContentTranslations" AS "e"
      INNER JOIN "ContentRoots" AS "c" ON "e"."RootId" = "c"."Id"
      WHERE "e"."Language" = @language AND "e"."StartPublish" IS NOT NULL AND "e"."StartPublish" <= @now AND ("e"."StopPublish" IS NULL OR "e"."StopPublish" > @now)
info: Microsoft.EntityFrameworkCore.Database.Command[20101]
      Executed DbCommand (0ms) [Parameters=[], CommandType='Text', CommandTimeout='30']
      SELECT "e"."Id", "e"."Created", "e"."CreatedBy", "e"."Description", "e"."EndDate", "e"."Intro", "e"."Name", "e"."PublishedBy", "e"."RootId", "e"."StartDate", "e"."StartPublish", "e"."StopPublish", "e"."Title", "e"."VersionNumber"
      FROM "EventContentVersions" AS "e"
      WHERE 0
info: Microsoft.EntityFrameworkCore.Database.Command[20101]
      Executed DbCommand (0ms) [Parameters=[@rootId='?' (DbType = Int32)], CommandType='Text', CommandTimeout='30']
      SELECT "c"."MasterLanguage"
      FROM "ContentRoots" AS "c"
      WHERE "c"."Id" = @rootId
      LIMIT 1
info: Microsoft.EntityFrameworkCore.Database.Command[20101]
      Executed DbCommand (0ms) [Parameters=[@rootId='?' (DbType = Int32), @now='?' (DbType = DateTime)], CommandType='Text', CommandTimeout='30']
      SELECT "e"."VersionNumber"
      FROM "EventContentVersions" AS "e"
      WHERE "e"."RootId" = @rootId AND "e"."StartPublish" IS NOT NULL AND "e"."StartPublish" <= @now AND ("e"."StopPublish" IS NULL OR "e"."StopPublish" > @now)
      ORDER BY "e"."StartPublish" DESC
      LIMIT 1
info: Microsoft.EntityFrameworkCore.Database.Command[20101]
      Executed DbCommand (0ms) [Parameters=[@rootId='?' (DbType = Int32)], CommandType='Text', CommandTimeout='30']
      SELECT "c"."MasterLanguage"
      FROM "ContentRoots" AS "c"
      WHERE "c"."Id" = @rootId
      LIMIT 1
info: Microsoft.EntityFrameworkCore.Database.Command[20101]
      Executed DbCommand (0ms) [Parameters=[@rootId='?' (DbType = Int32)], CommandType='Text', CommandTimeout='30']
      SELECT "e"."VersionNumber"
      FROM "EventContentVersions" AS "e"
      WHERE "e"."RootId" = @rootId
      ORDER BY "e"."VersionNumber" DESC
      LIMIT 1
info: Microsoft.EntityFrameworkCore.Database.Command[20101]
      Executed DbCommand (0ms) [Parameters=[@ids1='?' (DbType = Int32)], CommandType='Text', CommandTimeout='30']
      SELECT "c"."Id" AS "RootId", "c"."MasterLanguage" AS "Language"
      FROM "ContentRoots" AS "c"
      WHERE "c"."Id" = @ids1
info: Microsoft.EntityFrameworkCore.Database.Command[20101]
      Executed DbCommand (0ms) [Parameters=[@ids1='?' (DbType = Int32)], CommandType='Text', CommandTimeout='30']
      SELECT DISTINCT "e"."RootId", "e"."Language"
      FROM "EventContentTranslations" AS "e"
      WHERE "e"."RootId" = @ids1
info: Microsoft.EntityFrameworkCore.Database.Command[20101]
      Executed DbCommand (0ms) [Parameters=[@ids1='?' (DbType = Int32)], CommandType='Text', CommandTimeout='30']
      SELECT "c"."Id", "c"."ContentTypeKey", "c"."Created", "c"."MasterLanguage"
      FROM "ContentRoots" AS "c"
      WHERE "c"."Id" = @ids1
info: Microsoft.EntityFrameworkCore.Database.Command[20101]
      Executed DbCommand (0ms) [Parameters=[@ids1='?' (DbType = Int32)], CommandType='Text', CommandTimeout='30']
      SELECT "e"."RootId", "e"."VersionNumber", "e"."StartPublish", "e"."StopPublish"
      FROM "EventContentVersions" AS "e"
      WHERE "e"."RootId" = @ids1
info: Microsoft.EntityFrameworkCore.Database.Command[20101]
      Executed DbCommand (0ms) [Parameters=[@ids1='?' (DbType = Int32)], CommandType='Text', CommandTimeout='30']
      SELECT "e"."RootId", "e"."Language", "e"."VersionNumber", "e"."StartPublish", "e"."StopPublish"
      FROM "EventContentTranslations" AS "e"
      WHERE "e"."RootId" = @ids1
info: Microsoft.EntityFrameworkCore.Database.Command[20101]
      Executed DbCommand (0ms) [Parameters=[@ids1='?' (DbType = Int32)], CommandType='Text', CommandTimeout='30']
      SELECT "e"."RootId", MAX("e"."Created") AS "Created"
      FROM "EventContentVersions" AS "e"
      WHERE "e"."RootId" = @ids1
      GROUP BY "e"."RootId"
      UNION ALL
      SELECT "e0"."RootId", MAX("e0"."Created") AS "Created"
      FROM "EventContentTranslations" AS "e0"
      WHERE "e0"."RootId" = @ids1
      GROUP BY "e0"."RootId"
info: Microsoft.EntityFrameworkCore.Database.Command[20101]
      Executed DbCommand (0ms) [Parameters=[@ids1='?' (DbType = Int32)], CommandType='Text', CommandTimeout='30']
      SELECT "c"."Id", "c"."ContentTypeKey", "c"."Created", "c"."MasterLanguage"
      FROM "ContentRoots" AS "c"
      WHERE "c"."Id" = @ids1
info: Microsoft.EntityFrameworkCore.Database.Command[20101]
      Executed DbCommand (0ms) [Parameters=[@key='?' (Size = 16)], CommandType='Text', CommandTimeout='30']
      SELECT "c"."Key", "c"."Value"
      FROM "CmsSettings" AS "c"
      WHERE "c"."Key" = @key
      LIMIT 2
info: Microsoft.EntityFrameworkCore.Database.Command[20101]
      Executed DbCommand (0ms) [Parameters=[@knownKeys1='?' (Size = 12), @knownKeys2='?' (Size = 11), @knownKeys3='?' (Size = 18), @id='?' (DbType = Int32)], CommandType='Text', CommandTimeout='30']
      SELECT "c"."Id", "c"."ContentTypeKey"
      FROM "ContentRoots" AS "c"
      WHERE "c"."ContentTypeKey" IN (@knownKeys1, @knownKeys2, @knownKeys3) AND "c"."Id" = @id
      ORDER BY "c"."Id"
info: Microsoft.EntityFrameworkCore.Database.Command[20101]
      Executed DbCommand (0ms) [Parameters=[@now='?' (DbType = DateTime)], CommandType='Text', CommandTimeout='30']
      SELECT "e"."Id", "e"."Created", "e"."CreatedBy", "e"."Description", "e"."EndDate", "e"."Intro", "e"."Name", "e"."PublishedBy", "e"."RootId", "e"."StartDate", "e"."StartPublish", "e"."StopPublish", "e"."Title", "e"."VersionNumber", "c"."Id", "c"."ContentTypeKey", "c"."Created", "c"."MasterLanguage"
      FROM "EventContentVersions" AS "e"
      INNER JOIN "ContentRoots" AS "c" ON "e"."RootId" = "c"."Id"
      WHERE "e"."StartPublish" IS NOT NULL AND "e"."StartPublish" <= @now AND ("e"."StopPublish" IS NULL OR "e"."StopPublish" > @now)
info: Microsoft.EntityFrameworkCore.Database.Command[20101]
      Executed DbCommand (0ms) [Parameters=[@language='?' (Size = 2), @now='?' (DbType = DateTime)], CommandType='Text', CommandTimeout='30']
      SELECT "e"."Id", "e"."Created", "e"."CreatedBy", "e"."Description", "e"."Intro", "e"."Language", "e"."Name", "e"."PublishedBy", "e"."RootId", "e"."StartPublish", "e"."StopPublish", "e"."Title", "e"."VersionNumber", "c"."Id", "c"."ContentTypeKey", "c"."Created", "c"."MasterLanguage"
      FROM "EventContentTranslations" AS "e"
      INNER JOIN "ContentRoots" AS "c" ON "e"."RootId" = "c"."Id"
      WHERE "e"."Language" = @language AND "e"."StartPublish" IS NOT NULL AND "e"."StartPublish" <= @now AND ("e"."StopPublish" IS NULL OR "e"."StopPublish" > @now)
info: Microsoft.EntityFrameworkCore.Database.Command[20101]
      Executed DbCommand (0ms) [Parameters=[], CommandType='Text', CommandTimeout='30']
      SELECT "e"."Id", "e"."Created", "e"."CreatedBy", "e"."Description", "e"."EndDate", "e"."Intro", "e"."Name", "e"."PublishedBy", "e"."RootId", "e"."StartDate", "e"."StartPublish", "e"."StopPublish", "e"."Title", "e"."VersionNumber"
      FROM "EventContentVersions" AS "e"
      WHERE 0
info: Microsoft.EntityFrameworkCore.Database.Command[20101]
      Executed DbCommand (0ms) [Parameters=[@rootId='?' (DbType = Int32)], CommandType='Text', CommandTimeout='30']
      SELECT "c"."MasterLanguage"
      FROM "ContentRoots" AS "c"
      WHERE "c"."Id" = @rootId
      LIMIT 1
info: Microsoft.EntityFrameworkCore.Database.Command[20101]
      Executed DbCommand (0ms) [Parameters=[@rootId='?' (DbType = Int32), @now='?' (DbType = DateTime)], CommandType='Text', CommandTimeout='30']
      SELECT "e"."VersionNumber"
      FROM "EventContentVersions" AS "e"
      WHERE "e"."RootId" = @rootId AND "e"."StartPublish" IS NOT NULL AND "e"."StartPublish" <= @now AND ("e"."StopPublish" IS NULL OR "e"."StopPublish" > @now)
      ORDER BY "e"."StartPublish" DESC
      LIMIT 1
info: Microsoft.EntityFrameworkCore.Database.Command[20101]
      Executed DbCommand (0ms) [Parameters=[@rootId='?' (DbType = Int32)], CommandType='Text', CommandTimeout='30']
      SELECT "c"."MasterLanguage"
      FROM "ContentRoots" AS "c"
      WHERE "c"."Id" = @rootId
      LIMIT 1
info: Microsoft.EntityFrameworkCore.Database.Command[20101]
      Executed DbCommand (0ms) [Parameters=[@rootId='?' (DbType = Int32)], CommandType='Text', CommandTimeout='30']
      SELECT "e"."VersionNumber"
      FROM "EventContentVersions" AS "e"
      WHERE "e"."RootId" = @rootId
      ORDER BY "e"."VersionNumber" DESC
      LIMIT 1
info: Microsoft.EntityFrameworkCore.Database.Command[20101]
      Executed DbCommand (0ms) [Parameters=[@ids1='?' (DbType = Int32)], CommandType='Text', CommandTimeout='30']
      SELECT "c"."Id" AS "RootId", "c"."MasterLanguage" AS "Language"
      FROM "ContentRoots" AS "c"
      WHERE "c"."Id" = @ids1
info: Microsoft.EntityFrameworkCore.Database.Command[20101]
      Executed DbCommand (0ms) [Parameters=[@ids1='?' (DbType = Int32)], CommandType='Text', CommandTimeout='30']
      SELECT DISTINCT "e"."RootId", "e"."Language"
      FROM "EventContentTranslations" AS "e"
      WHERE "e"."RootId" = @ids1
info: Microsoft.EntityFrameworkCore.Database.Command[20101]
      Executed DbCommand (0ms) [Parameters=[@ids1='?' (DbType = Int32)], CommandType='Text', CommandTimeout='30']
      SELECT "c"."Id", "c"."ContentTypeKey", "c"."Created", "c"."MasterLanguage"
      FROM "ContentRoots" AS "c"
      WHERE "c"."Id" = @ids1
info: Microsoft.EntityFrameworkCore.Database.Command[20101]
      Executed DbCommand (0ms) [Parameters=[@ids1='?' (DbType = Int32)], CommandType='Text', CommandTimeout='30']
      SELECT "e"."RootId", "e"."VersionNumber", "e"."StartPublish", "e"."StopPublish"
      FROM "EventContentVersions" AS "e"
      WHERE "e"."RootId" = @ids1
info: Microsoft.EntityFrameworkCore.Database.Command[20101]
      Executed DbCommand (0ms) [Parameters=[@ids1='?' (DbType = Int32)], CommandType='Text', CommandTimeout='30']
      SELECT "e"."RootId", "e"."Language", "e"."VersionNumber", "e"."StartPublish", "e"."StopPublish"
      FROM "EventContentTranslations" AS "e"
      WHERE "e"."RootId" = @ids1
info: Microsoft.EntityFrameworkCore.Database.Command[20101]
      Executed DbCommand (0ms) [Parameters=[@ids1='?' (DbType = Int32)], CommandType='Text', CommandTimeout='30']
      SELECT "e"."RootId", MAX("e"."Created") AS "Created"
      FROM "EventContentVersions" AS "e"
      WHERE "e"."RootId" = @ids1
      GROUP BY "e"."RootId"
      UNION ALL
      SELECT "e0"."RootId", MAX("e0"."Created") AS "Created"
      FROM "EventContentTranslations" AS "e0"
      WHERE "e0"."RootId" = @ids1
      GROUP BY "e0"."RootId"
info: Microsoft.EntityFrameworkCore.Database.Command[20101]
      Executed DbCommand (0ms) [Parameters=[@ids1='?' (DbType = Int32)], CommandType='Text', CommandTimeout='30']
      SELECT "c"."Id", "c"."ContentTypeKey", "c"."Created", "c"."MasterLanguage"
      FROM "ContentRoots" AS "c"
      WHERE "c"."Id" = @ids1
info: Microsoft.EntityFrameworkCore.Database.Command[20101]
      Executed DbCommand (2ms) [Parameters=[@knownKeys1='?' (Size = 12), @knownKeys2='?' (Size = 11), @knownKeys3='?' (Size = 18), @id='?' (DbType = Int32)], CommandType='Text', CommandTimeout='30']
      SELECT "c"."Id", "c"."ContentTypeKey"
      FROM "ContentRoots" AS "c"
      WHERE "c"."ContentTypeKey" IN (@knownKeys1, @knownKeys2, @knownKeys3) AND "c"."Id" = @id
      ORDER BY "c"."Id"
info: Microsoft.EntityFrameworkCore.Database.Command[20101]
      Executed DbCommand (0ms) [Parameters=[@now='?' (DbType = DateTime)], CommandType='Text', CommandTimeout='30']
      SELECT "e"."Id", "e"."Created", "e"."CreatedBy", "e"."Description", "e"."EndDate", "e"."Intro", "e"."Name", "e"."PublishedBy", "e"."RootId", "e"."StartDate", "e"."StartPublish", "e"."StopPublish", "e"."Title", "e"."VersionNumber", "c"."Id", "c"."ContentTypeKey", "c"."Created", "c"."MasterLanguage"
      FROM "EventContentVersions" AS "e"
      INNER JOIN "ContentRoots" AS "c" ON "e"."RootId" = "c"."Id"
      WHERE "e"."StartPublish" IS NOT NULL AND "e"."StartPublish" <= @now AND ("e"."StopPublish" IS NULL OR "e"."StopPublish" > @now)
info: Microsoft.EntityFrameworkCore.Database.Command[20101]
      Executed DbCommand (0ms) [Parameters=[@language='?' (Size = 2), @now='?' (DbType = DateTime)], CommandType='Text', CommandTimeout='30']
      SELECT "e"."Id", "e"."Created", "e"."CreatedBy", "e"."Description", "e"."Intro", "e"."Language", "e"."Name", "e"."PublishedBy", "e"."RootId", "e"."StartPublish", "e"."StopPublish", "e"."Title", "e"."VersionNumber", "c"."Id", "c"."ContentTypeKey", "c"."Created", "c"."MasterLanguage"
      FROM "EventContentTranslations" AS "e"
      INNER JOIN "ContentRoots" AS "c" ON "e"."RootId" = "c"."Id"
      WHERE "e"."Language" = @language AND "e"."StartPublish" IS NOT NULL AND "e"."StartPublish" <= @now AND ("e"."StopPublish" IS NULL OR "e"."StopPublish" > @now)
info: Microsoft.EntityFrameworkCore.Database.Command[20101]
      Executed DbCommand (0ms) [Parameters=[], CommandType='Text', CommandTimeout='30']
      SELECT "e"."Id", "e"."Created", "e"."CreatedBy", "e"."Description", "e"."EndDate", "e"."Intro", "e"."Name", "e"."PublishedBy", "e"."RootId", "e"."StartDate", "e"."StartPublish", "e"."StopPublish", "e"."Title", "e"."VersionNumber"
      FROM "EventContentVersions" AS "e"
      WHERE 0
info: Microsoft.EntityFrameworkCore.Database.Command[20101]
      Executed DbCommand (0ms) [Parameters=[@rootId='?' (DbType = Int32)], CommandType='Text', CommandTimeout='30']
      SELECT "c"."MasterLanguage"
      FROM "ContentRoots" AS "c"
      WHERE "c"."Id" = @rootId
      LIMIT 1
info: Microsoft.EntityFrameworkCore.Database.Command[20101]
      Executed DbCommand (0ms) [Parameters=[@rootId='?' (DbType = Int32), @now='?' (DbType = DateTime)], CommandType='Text', CommandTimeout='30']
      SELECT "e"."VersionNumber"
      FROM "EventContentVersions" AS "e"
      WHERE "e"."RootId" = @rootId AND "e"."StartPublish" IS NOT NULL AND "e"."StartPublish" <= @now AND ("e"."StopPublish" IS NULL OR "e"."StopPublish" > @now)
      ORDER BY "e"."StartPublish" DESC
      LIMIT 1
info: Microsoft.EntityFrameworkCore.Database.Command[20101]
      Executed DbCommand (0ms) [Parameters=[@rootId='?' (DbType = Int32)], CommandType='Text', CommandTimeout='30']
      SELECT "c"."MasterLanguage"
      FROM "ContentRoots" AS "c"
      WHERE "c"."Id" = @rootId
      LIMIT 1
info: Microsoft.EntityFrameworkCore.Database.Command[20101]
      Executed DbCommand (0ms) [Parameters=[@rootId='?' (DbType = Int32)], CommandType='Text', CommandTimeout='30']
      SELECT "e"."VersionNumber"
      FROM "EventContentVersions" AS "e"
      WHERE "e"."RootId" = @rootId
      ORDER BY "e"."VersionNumber" DESC
      LIMIT 1
info: Microsoft.EntityFrameworkCore.Database.Command[20101]
      Executed DbCommand (0ms) [Parameters=[@ids1='?' (DbType = Int32)], CommandType='Text', CommandTimeout='30']
      SELECT "c"."Id" AS "RootId", "c"."MasterLanguage" AS "Language"
      FROM "ContentRoots" AS "c"
      WHERE "c"."Id" = @ids1
info: Microsoft.EntityFrameworkCore.Database.Command[20101]
      Executed DbCommand (0ms) [Parameters=[@ids1='?' (DbType = Int32)], CommandType='Text', CommandTimeout='30']
      SELECT DISTINCT "e"."RootId", "e"."Language"
      FROM "EventContentTranslations" AS "e"
      WHERE "e"."RootId" = @ids1
info: Microsoft.EntityFrameworkCore.Database.Command[20101]
      Executed DbCommand (0ms) [Parameters=[@ids1='?' (DbType = Int32)], CommandType='Text', CommandTimeout='30']
      SELECT "c"."Id", "c"."ContentTypeKey", "c"."Created", "c"."MasterLanguage"
      FROM "ContentRoots" AS "c"
      WHERE "c"."Id" = @ids1
info: Microsoft.EntityFrameworkCore.Database.Command[20101]
      Executed DbCommand (0ms) [Parameters=[@ids1='?' (DbType = Int32)], CommandType='Text', CommandTimeout='30']
      SELECT "e"."RootId", "e"."VersionNumber", "e"."StartPublish", "e"."StopPublish"
      FROM "EventContentVersions" AS "e"
      WHERE "e"."RootId" = @ids1
info: Microsoft.EntityFrameworkCore.Database.Command[20101]
      Executed DbCommand (0ms) [Parameters=[@ids1='?' (DbType = Int32)], CommandType='Text', CommandTimeout='30']
      SELECT "e"."RootId", "e"."Language", "e"."VersionNumber", "e"."StartPublish", "e"."StopPublish"
      FROM "EventContentTranslations" AS "e"
      WHERE "e"."RootId" = @ids1
info: Microsoft.EntityFrameworkCore.Database.Command[20101]
      Executed DbCommand (0ms) [Parameters=[@ids1='?' (DbType = Int32)], CommandType='Text', CommandTimeout='30']
      SELECT "e"."RootId", MAX("e"."Created") AS "Created"
      FROM "EventContentVersions" AS "e"
      WHERE "e"."RootId" = @ids1
      GROUP BY "e"."RootId"
      UNION ALL
      SELECT "e0"."RootId", MAX("e0"."Created") AS "Created"
      FROM "EventContentTranslations" AS "e0"
      WHERE "e0"."RootId" = @ids1
      GROUP BY "e0"."RootId"
info: Microsoft.EntityFrameworkCore.Database.Command[20101]
      Executed DbCommand (0ms) [Parameters=[@ids1='?' (DbType = Int32)], CommandType='Text', CommandTimeout='30']
      SELECT "c"."Id", "c"."ContentTypeKey", "c"."Created", "c"."MasterLanguage"
      FROM "ContentRoots" AS "c"
      WHERE "c"."Id" = @ids1
info: Microsoft.EntityFrameworkCore.Database.Command[20101]
      Executed DbCommand (0ms) [Parameters=[@knownKeys1='?' (Size = 12), @knownKeys2='?' (Size = 11), @knownKeys3='?' (Size = 18), @id='?' (DbType = Int32)], CommandType='Text', CommandTimeout='30']
      SELECT "c"."Id", "c"."ContentTypeKey"
      FROM "ContentRoots" AS "c"
      WHERE "c"."ContentTypeKey" IN (@knownKeys1, @knownKeys2, @knownKeys3) AND "c"."Id" = @id
      ORDER BY "c"."Id"
info: Microsoft.EntityFrameworkCore.Database.Command[20101]
      Executed DbCommand (0ms) [Parameters=[@now='?' (DbType = DateTime)], CommandType='Text', CommandTimeout='30']
      SELECT "e"."Id", "e"."Created", "e"."CreatedBy", "e"."Description", "e"."EndDate", "e"."Intro", "e"."Name", "e"."PublishedBy", "e"."RootId", "e"."StartDate", "e"."StartPublish", "e"."StopPublish", "e"."Title", "e"."VersionNumber", "c"."Id", "c"."ContentTypeKey", "c"."Created", "c"."MasterLanguage"
      FROM "EventContentVersions" AS "e"
      INNER JOIN "ContentRoots" AS "c" ON "e"."RootId" = "c"."Id"
      WHERE "e"."StartPublish" IS NOT NULL AND "e"."StartPublish" <= @now AND ("e"."StopPublish" IS NULL OR "e"."StopPublish" > @now)
info: Microsoft.EntityFrameworkCore.Database.Command[20101]
      Executed DbCommand (0ms) [Parameters=[@language='?' (Size = 2), @now='?' (DbType = DateTime)], CommandType='Text', CommandTimeout='30']
      SELECT "e"."Id", "e"."Created", "e"."CreatedBy", "e"."Description", "e"."Intro", "e"."Language", "e"."Name", "e"."PublishedBy", "e"."RootId", "e"."StartPublish", "e"."StopPublish", "e"."Title", "e"."VersionNumber", "c"."Id", "c"."ContentTypeKey", "c"."Created", "c"."MasterLanguage"
      FROM "EventContentTranslations" AS "e"
      INNER JOIN "ContentRoots" AS "c" ON "e"."RootId" = "c"."Id"
      WHERE "e"."Language" = @language AND "e"."StartPublish" IS NOT NULL AND "e"."StartPublish" <= @now AND ("e"."StopPublish" IS NULL OR "e"."StopPublish" > @now)
info: Microsoft.EntityFrameworkCore.Database.Command[20101]
      Executed DbCommand (0ms) [Parameters=[], CommandType='Text', CommandTimeout='30']
      SELECT "e"."Id", "e"."Created", "e"."CreatedBy", "e"."Description", "e"."EndDate", "e"."Intro", "e"."Name", "e"."PublishedBy", "e"."RootId", "e"."StartDate", "e"."StartPublish", "e"."StopPublish", "e"."Title", "e"."VersionNumber"
      FROM "EventContentVersions" AS "e"
      WHERE 0
info: Microsoft.EntityFrameworkCore.Database.Command[20101]
      Executed DbCommand (0ms) [Parameters=[@rootId='?' (DbType = Int32)], CommandType='Text', CommandTimeout='30']
      SELECT "c"."MasterLanguage"
      FROM "ContentRoots" AS "c"
      WHERE "c"."Id" = @rootId
      LIMIT 1
info: Microsoft.EntityFrameworkCore.Database.Command[20101]
      Executed DbCommand (0ms) [Parameters=[@rootId='?' (DbType = Int32), @now='?' (DbType = DateTime)], CommandType='Text', CommandTimeout='30']
      SELECT "e"."VersionNumber"
      FROM "EventContentVersions" AS "e"
      WHERE "e"."RootId" = @rootId AND "e"."StartPublish" IS NOT NULL AND "e"."StartPublish" <= @now AND ("e"."StopPublish" IS NULL OR "e"."StopPublish" > @now)
      ORDER BY "e"."StartPublish" DESC
      LIMIT 1
info: Microsoft.EntityFrameworkCore.Database.Command[20101]
      Executed DbCommand (0ms) [Parameters=[@rootId='?' (DbType = Int32)], CommandType='Text', CommandTimeout='30']
      SELECT "c"."MasterLanguage"
      FROM "ContentRoots" AS "c"
      WHERE "c"."Id" = @rootId
      LIMIT 1
info: Microsoft.EntityFrameworkCore.Database.Command[20101]
      Executed DbCommand (0ms) [Parameters=[@rootId='?' (DbType = Int32)], CommandType='Text', CommandTimeout='30']
      SELECT "e"."VersionNumber"
      FROM "EventContentVersions" AS "e"
      WHERE "e"."RootId" = @rootId
      ORDER BY "e"."VersionNumber" DESC
      LIMIT 1
info: Microsoft.EntityFrameworkCore.Database.Command[20101]
      Executed DbCommand (0ms) [Parameters=[@ids1='?' (DbType = Int32)], CommandType='Text', CommandTimeout='30']
      SELECT "c"."Id" AS "RootId", "c"."MasterLanguage" AS "Language"
      FROM "ContentRoots" AS "c"
      WHERE "c"."Id" = @ids1
info: Microsoft.EntityFrameworkCore.Database.Command[20101]
      Executed DbCommand (0ms) [Parameters=[@ids1='?' (DbType = Int32)], CommandType='Text', CommandTimeout='30']
      SELECT DISTINCT "e"."RootId", "e"."Language"
      FROM "EventContentTranslations" AS "e"
      WHERE "e"."RootId" = @ids1
info: Microsoft.EntityFrameworkCore.Database.Command[20101]
      Executed DbCommand (0ms) [Parameters=[@ids1='?' (DbType = Int32)], CommandType='Text', CommandTimeout='30']
      SELECT "c"."Id", "c"."ContentTypeKey", "c"."Created", "c"."MasterLanguage"
      FROM "ContentRoots" AS "c"
      WHERE "c"."Id" = @ids1
info: Microsoft.EntityFrameworkCore.Database.Command[20101]
      Executed DbCommand (0ms) [Parameters=[@ids1='?' (DbType = Int32)], CommandType='Text', CommandTimeout='30']
      SELECT "e"."RootId", "e"."VersionNumber", "e"."StartPublish", "e"."StopPublish"
      FROM "EventContentVersions" AS "e"
      WHERE "e"."RootId" = @ids1
info: Microsoft.EntityFrameworkCore.Database.Command[20101]
      Executed DbCommand (0ms) [Parameters=[@ids1='?' (DbType = Int32)], CommandType='Text', CommandTimeout='30']
      SELECT "e"."RootId", "e"."Language", "e"."VersionNumber", "e"."StartPublish", "e"."StopPublish"
      FROM "EventContentTranslations" AS "e"
      WHERE "e"."RootId" = @ids1
info: Microsoft.EntityFrameworkCore.Database.Command[20101]
      Executed DbCommand (0ms) [Parameters=[@ids1='?' (DbType = Int32)], CommandType='Text', CommandTimeout='30']
      SELECT "e"."RootId", MAX("e"."Created") AS "Created"
      FROM "EventContentVersions" AS "e"
      WHERE "e"."RootId" = @ids1
      GROUP BY "e"."RootId"
      UNION ALL
      SELECT "e0"."RootId", MAX("e0"."Created") AS "Created"
      FROM "EventContentTranslations" AS "e0"
      WHERE "e0"."RootId" = @ids1
      GROUP BY "e0"."RootId"
info: Microsoft.EntityFrameworkCore.Database.Command[20101]
      Executed DbCommand (0ms) [Parameters=[@ids1='?' (DbType = Int32)], CommandType='Text', CommandTimeout='30']
      SELECT "c"."Id", "c"."ContentTypeKey", "c"."Created", "c"."MasterLanguage"
      FROM "ContentRoots" AS "c"
      WHERE "c"."Id" = @ids1
info: Microsoft.EntityFrameworkCore.Database.Command[20101]
      Executed DbCommand (0ms) [Parameters=[@knownKeys1='?' (Size = 12), @knownKeys2='?' (Size = 11), @knownKeys3='?' (Size = 18), @id='?' (DbType = Int32)], CommandType='Text', CommandTimeout='30']
      SELECT "c"."Id", "c"."ContentTypeKey"
      FROM "ContentRoots" AS "c"
      WHERE "c"."ContentTypeKey" IN (@knownKeys1, @knownKeys2, @knownKeys3) AND "c"."Id" = @id
      ORDER BY "c"."Id"
info: Microsoft.EntityFrameworkCore.Database.Command[20101]
      Executed DbCommand (1ms) [Parameters=[@now='?' (DbType = DateTime)], CommandType='Text', CommandTimeout='30']
      SELECT "e"."Id", "e"."Created", "e"."CreatedBy", "e"."Description", "e"."EndDate", "e"."Intro", "e"."Name", "e"."PublishedBy", "e"."RootId", "e"."StartDate", "e"."StartPublish", "e"."StopPublish", "e"."Title", "e"."VersionNumber", "c"."Id", "c"."ContentTypeKey", "c"."Created", "c"."MasterLanguage"
      FROM "EventContentVersions" AS "e"
      INNER JOIN "ContentRoots" AS "c" ON "e"."RootId" = "c"."Id"
      WHERE "e"."StartPublish" IS NOT NULL AND "e"."StartPublish" <= @now AND ("e"."StopPublish" IS NULL OR "e"."StopPublish" > @now)
info: Microsoft.EntityFrameworkCore.Database.Command[20101]
      Executed DbCommand (0ms) [Parameters=[@language='?' (Size = 2), @now='?' (DbType = DateTime)], CommandType='Text', CommandTimeout='30']
      SELECT "e"."Id", "e"."Created", "e"."CreatedBy", "e"."Description", "e"."Intro", "e"."Language", "e"."Name", "e"."PublishedBy", "e"."RootId", "e"."StartPublish", "e"."StopPublish", "e"."Title", "e"."VersionNumber", "c"."Id", "c"."ContentTypeKey", "c"."Created", "c"."MasterLanguage"
      FROM "EventContentTranslations" AS "e"
      INNER JOIN "ContentRoots" AS "c" ON "e"."RootId" = "c"."Id"
      WHERE "e"."Language" = @language AND "e"."StartPublish" IS NOT NULL AND "e"."StartPublish" <= @now AND ("e"."StopPublish" IS NULL OR "e"."StopPublish" > @now)
info: Microsoft.EntityFrameworkCore.Database.Command[20101]
      Executed DbCommand (0ms) [Parameters=[], CommandType='Text', CommandTimeout='30']
      SELECT "e"."Id", "e"."Created", "e"."CreatedBy", "e"."Description", "e"."EndDate", "e"."Intro", "e"."Name", "e"."PublishedBy", "e"."RootId", "e"."StartDate", "e"."StartPublish", "e"."StopPublish", "e"."Title", "e"."VersionNumber"
      FROM "EventContentVersions" AS "e"
      WHERE 0
info: Microsoft.EntityFrameworkCore.Database.Command[20101]
      Executed DbCommand (0ms) [Parameters=[@rootId='?' (DbType = Int32)], CommandType='Text', CommandTimeout='30']
      SELECT "c"."MasterLanguage"
      FROM "ContentRoots" AS "c"
      WHERE "c"."Id" = @rootId
      LIMIT 1
info: Microsoft.EntityFrameworkCore.Database.Command[20101]
      Executed DbCommand (0ms) [Parameters=[@rootId='?' (DbType = Int32), @now='?' (DbType = DateTime)], CommandType='Text', CommandTimeout='30']
      SELECT "e"."VersionNumber"
      FROM "EventContentVersions" AS "e"
      WHERE "e"."RootId" = @rootId AND "e"."StartPublish" IS NOT NULL AND "e"."StartPublish" <= @now AND ("e"."StopPublish" IS NULL OR "e"."StopPublish" > @now)
      ORDER BY "e"."StartPublish" DESC
      LIMIT 1
info: Microsoft.EntityFrameworkCore.Database.Command[20101]
      Executed DbCommand (0ms) [Parameters=[@rootId='?' (DbType = Int32)], CommandType='Text', CommandTimeout='30']
      SELECT "c"."MasterLanguage"
      FROM "ContentRoots" AS "c"
      WHERE "c"."Id" = @rootId
      LIMIT 1
info: Microsoft.EntityFrameworkCore.Database.Command[20101]
      Executed DbCommand (0ms) [Parameters=[@rootId='?' (DbType = Int32)], CommandType='Text', CommandTimeout='30']
      SELECT "e"."VersionNumber"
      FROM "EventContentVersions" AS "e"
      WHERE "e"."RootId" = @rootId
      ORDER BY "e"."VersionNumber" DESC
      LIMIT 1
info: Microsoft.EntityFrameworkCore.Database.Command[20101]
      Executed DbCommand (0ms) [Parameters=[@ids1='?' (DbType = Int32)], CommandType='Text', CommandTimeout='30']
      SELECT "c"."Id" AS "RootId", "c"."MasterLanguage" AS "Language"
      FROM "ContentRoots" AS "c"
      WHERE "c"."Id" = @ids1
info: Microsoft.EntityFrameworkCore.Database.Command[20101]
      Executed DbCommand (0ms) [Parameters=[@ids1='?' (DbType = Int32)], CommandType='Text', CommandTimeout='30']
      SELECT DISTINCT "e"."RootId", "e"."Language"
      FROM "EventContentTranslations" AS "e"
      WHERE "e"."RootId" = @ids1
info: Microsoft.EntityFrameworkCore.Database.Command[20101]
      Executed DbCommand (0ms) [Parameters=[@ids1='?' (DbType = Int32)], CommandType='Text', CommandTimeout='30']
      SELECT "c"."Id", "c"."ContentTypeKey", "c"."Created", "c"."MasterLanguage"
      FROM "ContentRoots" AS "c"
      WHERE "c"."Id" = @ids1
info: Microsoft.EntityFrameworkCore.Database.Command[20101]
      Executed DbCommand (0ms) [Parameters=[@ids1='?' (DbType = Int32)], CommandType='Text', CommandTimeout='30']
      SELECT "e"."RootId", "e"."VersionNumber", "e"."StartPublish", "e"."StopPublish"
      FROM "EventContentVersions" AS "e"
      WHERE "e"."RootId" = @ids1
info: Microsoft.EntityFrameworkCore.Database.Command[20101]
      Executed DbCommand (0ms) [Parameters=[@ids1='?' (DbType = Int32)], CommandType='Text', CommandTimeout='30']
      SELECT "e"."RootId", "e"."Language", "e"."VersionNumber", "e"."StartPublish", "e"."StopPublish"
      FROM "EventContentTranslations" AS "e"
      WHERE "e"."RootId" = @ids1
info: Microsoft.EntityFrameworkCore.Database.Command[20101]
      Executed DbCommand (0ms) [Parameters=[@ids1='?' (DbType = Int32)], CommandType='Text', CommandTimeout='30']
      SELECT "e"."RootId", MAX("e"."Created") AS "Created"
      FROM "EventContentVersions" AS "e"
      WHERE "e"."RootId" = @ids1
      GROUP BY "e"."RootId"
      UNION ALL
      SELECT "e0"."RootId", MAX("e0"."Created") AS "Created"
      FROM "EventContentTranslations" AS "e0"
      WHERE "e0"."RootId" = @ids1
      GROUP BY "e0"."RootId"
info: Microsoft.EntityFrameworkCore.Database.Command[20101]
      Executed DbCommand (0ms) [Parameters=[@ids1='?' (DbType = Int32)], CommandType='Text', CommandTimeout='30']
      SELECT "c"."Id", "c"."ContentTypeKey", "c"."Created", "c"."MasterLanguage"
      FROM "ContentRoots" AS "c"
      WHERE "c"."Id" = @ids1
info: Microsoft.EntityFrameworkCore.Database.Command[20101]
      Executed DbCommand (0ms) [Parameters=[@knownKeys1='?' (Size = 12), @knownKeys2='?' (Size = 11), @knownKeys3='?' (Size = 18), @id='?' (DbType = Int32)], CommandType='Text', CommandTimeout='30']
      SELECT "c"."Id", "c"."ContentTypeKey"
      FROM "ContentRoots" AS "c"
      WHERE "c"."ContentTypeKey" IN (@knownKeys1, @knownKeys2, @knownKeys3) AND "c"."Id" = @id
      ORDER BY "c"."Id"
info: Microsoft.EntityFrameworkCore.Database.Command[20101]
      Executed DbCommand (1ms) [Parameters=[@now='?' (DbType = DateTime)], CommandType='Text', CommandTimeout='30']
      SELECT "e"."Id", "e"."Created", "e"."CreatedBy", "e"."Description", "e"."EndDate", "e"."Intro", "e"."Name", "e"."PublishedBy", "e"."RootId", "e"."StartDate", "e"."StartPublish", "e"."StopPublish", "e"."Title", "e"."VersionNumber", "c"."Id", "c"."ContentTypeKey", "c"."Created", "c"."MasterLanguage"
      FROM "EventContentVersions" AS "e"
      INNER JOIN "ContentRoots" AS "c" ON "e"."RootId" = "c"."Id"
      WHERE "e"."StartPublish" IS NOT NULL AND "e"."StartPublish" <= @now AND ("e"."StopPublish" IS NULL OR "e"."StopPublish" > @now)
info: Microsoft.EntityFrameworkCore.Database.Command[20101]
      Executed DbCommand (0ms) [Parameters=[@language='?' (Size = 2), @now='?' (DbType = DateTime)], CommandType='Text', CommandTimeout='30']
      SELECT "e"."Id", "e"."Created", "e"."CreatedBy", "e"."Description", "e"."Intro", "e"."Language", "e"."Name", "e"."PublishedBy", "e"."RootId", "e"."StartPublish", "e"."StopPublish", "e"."Title", "e"."VersionNumber", "c"."Id", "c"."ContentTypeKey", "c"."Created", "c"."MasterLanguage"
      FROM "EventContentTranslations" AS "e"
      INNER JOIN "ContentRoots" AS "c" ON "e"."RootId" = "c"."Id"
      WHERE "e"."Language" = @language AND "e"."StartPublish" IS NOT NULL AND "e"."StartPublish" <= @now AND ("e"."StopPublish" IS NULL OR "e"."StopPublish" > @now)
info: Microsoft.EntityFrameworkCore.Database.Command[20101]
      Executed DbCommand (0ms) [Parameters=[], CommandType='Text', CommandTimeout='30']
      SELECT "e"."Id", "e"."Created", "e"."CreatedBy", "e"."Description", "e"."EndDate", "e"."Intro", "e"."Name", "e"."PublishedBy", "e"."RootId", "e"."StartDate", "e"."StartPublish", "e"."StopPublish", "e"."Title", "e"."VersionNumber"
      FROM "EventContentVersions" AS "e"
      WHERE 0
info: Microsoft.EntityFrameworkCore.Database.Command[20101]
      Executed DbCommand (0ms) [Parameters=[@rootId='?' (DbType = Int32)], CommandType='Text', CommandTimeout='30']
      SELECT "c"."MasterLanguage"
      FROM "ContentRoots" AS "c"
      WHERE "c"."Id" = @rootId
      LIMIT 1
info: Microsoft.EntityFrameworkCore.Database.Command[20101]
      Executed DbCommand (0ms) [Parameters=[@rootId='?' (DbType = Int32), @now='?' (DbType = DateTime)], CommandType='Text', CommandTimeout='30']
      SELECT "e"."VersionNumber"
      FROM "EventContentVersions" AS "e"
      WHERE "e"."RootId" = @rootId AND "e"."StartPublish" IS NOT NULL AND "e"."StartPublish" <= @now AND ("e"."StopPublish" IS NULL OR "e"."StopPublish" > @now)
      ORDER BY "e"."StartPublish" DESC
      LIMIT 1
info: Microsoft.EntityFrameworkCore.Database.Command[20101]
      Executed DbCommand (0ms) [Parameters=[@rootId='?' (DbType = Int32)], CommandType='Text', CommandTimeout='30']
      SELECT "c"."MasterLanguage"
      FROM "ContentRoots" AS "c"
      WHERE "c"."Id" = @rootId
      LIMIT 1
info: Microsoft.EntityFrameworkCore.Database.Command[20101]
      Executed DbCommand (0ms) [Parameters=[@rootId='?' (DbType = Int32)], CommandType='Text', CommandTimeout='30']
      SELECT "e"."VersionNumber"
      FROM "EventContentVersions" AS "e"
      WHERE "e"."RootId" = @rootId
      ORDER BY "e"."VersionNumber" DESC
      LIMIT 1
info: Microsoft.EntityFrameworkCore.Database.Command[20101]
      Executed DbCommand (0ms) [Parameters=[@ids1='?' (DbType = Int32)], CommandType='Text', CommandTimeout='30']
      SELECT "c"."Id" AS "RootId", "c"."MasterLanguage" AS "Language"
      FROM "ContentRoots" AS "c"
      WHERE "c"."Id" = @ids1
info: Microsoft.EntityFrameworkCore.Database.Command[20101]
      Executed DbCommand (0ms) [Parameters=[@ids1='?' (DbType = Int32)], CommandType='Text', CommandTimeout='30']
      SELECT DISTINCT "e"."RootId", "e"."Language"
      FROM "EventContentTranslations" AS "e"
      WHERE "e"."RootId" = @ids1
info: Microsoft.EntityFrameworkCore.Database.Command[20101]
      Executed DbCommand (0ms) [Parameters=[@ids1='?' (DbType = Int32)], CommandType='Text', CommandTimeout='30']
      SELECT "c"."Id", "c"."ContentTypeKey", "c"."Created", "c"."MasterLanguage"
      FROM "ContentRoots" AS "c"
      WHERE "c"."Id" = @ids1
info: Microsoft.EntityFrameworkCore.Database.Command[20101]
      Executed DbCommand (0ms) [Parameters=[@ids1='?' (DbType = Int32)], CommandType='Text', CommandTimeout='30']
      SELECT "e"."RootId", "e"."VersionNumber", "e"."StartPublish", "e"."StopPublish"
      FROM "EventContentVersions" AS "e"
      WHERE "e"."RootId" = @ids1
info: Microsoft.EntityFrameworkCore.Database.Command[20101]
      Executed DbCommand (0ms) [Parameters=[@ids1='?' (DbType = Int32)], CommandType='Text', CommandTimeout='30']
      SELECT "e"."RootId", "e"."Language", "e"."VersionNumber", "e"."StartPublish", "e"."StopPublish"
      FROM "EventContentTranslations" AS "e"
      WHERE "e"."RootId" = @ids1
info: Microsoft.EntityFrameworkCore.Database.Command[20101]
      Executed DbCommand (0ms) [Parameters=[@ids1='?' (DbType = Int32)], CommandType='Text', CommandTimeout='30']
      SELECT "e"."RootId", MAX("e"."Created") AS "Created"
      FROM "EventContentVersions" AS "e"
      WHERE "e"."RootId" = @ids1
      GROUP BY "e"."RootId"
      UNION ALL
      SELECT "e0"."RootId", MAX("e0"."Created") AS "Created"
      FROM "EventContentTranslations" AS "e0"
      WHERE "e0"."RootId" = @ids1
      GROUP BY "e0"."RootId"
info: Microsoft.EntityFrameworkCore.Database.Command[20101]
      Executed DbCommand (0ms) [Parameters=[@ids1='?' (DbType = Int32)], CommandType='Text', CommandTimeout='30']
      SELECT "c"."Id", "c"."ContentTypeKey", "c"."Created", "c"."MasterLanguage"
      FROM "ContentRoots" AS "c"
      WHERE "c"."Id" = @ids1
info: Microsoft.EntityFrameworkCore.Database.Command[20101]
      Executed DbCommand (0ms) [Parameters=[@knownKeys1='?' (Size = 12), @knownKeys2='?' (Size = 11), @knownKeys3='?' (Size = 18), @id='?' (DbType = Int32)], CommandType='Text', CommandTimeout='30']
      SELECT "c"."Id", "c"."ContentTypeKey"
      FROM "ContentRoots" AS "c"
      WHERE "c"."ContentTypeKey" IN (@knownKeys1, @knownKeys2, @knownKeys3) AND "c"."Id" = @id
      ORDER BY "c"."Id"
info: Microsoft.EntityFrameworkCore.Database.Command[20101]
      Executed DbCommand (0ms) [Parameters=[@now='?' (DbType = DateTime)], CommandType='Text', CommandTimeout='30']
      SELECT "e"."Id", "e"."Created", "e"."CreatedBy", "e"."Description", "e"."EndDate", "e"."Intro", "e"."Name", "e"."PublishedBy", "e"."RootId", "e"."StartDate", "e"."StartPublish", "e"."StopPublish", "e"."Title", "e"."VersionNumber", "c"."Id", "c"."ContentTypeKey", "c"."Created", "c"."MasterLanguage"
      FROM "EventContentVersions" AS "e"
      INNER JOIN "ContentRoots" AS "c" ON "e"."RootId" = "c"."Id"
      WHERE "e"."StartPublish" IS NOT NULL AND "e"."StartPublish" <= @now AND ("e"."StopPublish" IS NULL OR "e"."StopPublish" > @now)
info: Microsoft.EntityFrameworkCore.Database.Command[20101]
      Executed DbCommand (0ms) [Parameters=[@language='?' (Size = 2), @now='?' (DbType = DateTime)], CommandType='Text', CommandTimeout='30']
      SELECT "e"."Id", "e"."Created", "e"."CreatedBy", "e"."Description", "e"."Intro", "e"."Language", "e"."Name", "e"."PublishedBy", "e"."RootId", "e"."StartPublish", "e"."StopPublish", "e"."Title", "e"."VersionNumber", "c"."Id", "c"."ContentTypeKey", "c"."Created", "c"."MasterLanguage"
      FROM "EventContentTranslations" AS "e"
      INNER JOIN "ContentRoots" AS "c" ON "e"."RootId" = "c"."Id"
      WHERE "e"."Language" = @language AND "e"."StartPublish" IS NOT NULL AND "e"."StartPublish" <= @now AND ("e"."StopPublish" IS NULL OR "e"."StopPublish" > @now)
info: Microsoft.EntityFrameworkCore.Database.Command[20101]
      Executed DbCommand (0ms) [Parameters=[], CommandType='Text', CommandTimeout='30']
      SELECT "e"."Id", "e"."Created", "e"."CreatedBy", "e"."Description", "e"."EndDate", "e"."Intro", "e"."Name", "e"."PublishedBy", "e"."RootId", "e"."StartDate", "e"."StartPublish", "e"."StopPublish", "e"."Title", "e"."VersionNumber"
      FROM "EventContentVersions" AS "e"
      WHERE 0
info: Microsoft.EntityFrameworkCore.Database.Command[20101]
      Executed DbCommand (0ms) [Parameters=[@rootId='?' (DbType = Int32)], CommandType='Text', CommandTimeout='30']
      SELECT "c"."MasterLanguage"
      FROM "ContentRoots" AS "c"
      WHERE "c"."Id" = @rootId
      LIMIT 1
info: Microsoft.EntityFrameworkCore.Database.Command[20101]
      Executed DbCommand (0ms) [Parameters=[@rootId='?' (DbType = Int32), @now='?' (DbType = DateTime)], CommandType='Text', CommandTimeout='30']
      SELECT "e"."VersionNumber"
      FROM "EventContentVersions" AS "e"
      WHERE "e"."RootId" = @rootId AND "e"."StartPublish" IS NOT NULL AND "e"."StartPublish" <= @now AND ("e"."StopPublish" IS NULL OR "e"."StopPublish" > @now)
      ORDER BY "e"."StartPublish" DESC
      LIMIT 1
info: Microsoft.EntityFrameworkCore.Database.Command[20101]
      Executed DbCommand (0ms) [Parameters=[@rootId='?' (DbType = Int32)], CommandType='Text', CommandTimeout='30']
      SELECT "c"."MasterLanguage"
      FROM "ContentRoots" AS "c"
      WHERE "c"."Id" = @rootId
      LIMIT 1
info: Microsoft.EntityFrameworkCore.Database.Command[20101]
      Executed DbCommand (0ms) [Parameters=[@rootId='?' (DbType = Int32)], CommandType='Text', CommandTimeout='30']
      SELECT "e"."VersionNumber"
      FROM "EventContentVersions" AS "e"
      WHERE "e"."RootId" = @rootId
      ORDER BY "e"."VersionNumber" DESC
      LIMIT 1
info: Microsoft.EntityFrameworkCore.Database.Command[20101]
      Executed DbCommand (0ms) [Parameters=[@ids1='?' (DbType = Int32)], CommandType='Text', CommandTimeout='30']
      SELECT "c"."Id" AS "RootId", "c"."MasterLanguage" AS "Language"
      FROM "ContentRoots" AS "c"
      WHERE "c"."Id" = @ids1
info: Microsoft.EntityFrameworkCore.Database.Command[20101]
      Executed DbCommand (0ms) [Parameters=[@ids1='?' (DbType = Int32)], CommandType='Text', CommandTimeout='30']
      SELECT DISTINCT "e"."RootId", "e"."Language"
      FROM "EventContentTranslations" AS "e"
      WHERE "e"."RootId" = @ids1
info: Microsoft.EntityFrameworkCore.Database.Command[20101]
      Executed DbCommand (0ms) [Parameters=[@ids1='?' (DbType = Int32)], CommandType='Text', CommandTimeout='30']
      SELECT "c"."Id", "c"."ContentTypeKey", "c"."Created", "c"."MasterLanguage"
      FROM "ContentRoots" AS "c"
      WHERE "c"."Id" = @ids1
info: Microsoft.EntityFrameworkCore.Database.Command[20101]
      Executed DbCommand (0ms) [Parameters=[@ids1='?' (DbType = Int32)], CommandType='Text', CommandTimeout='30']
      SELECT "e"."RootId", "e"."VersionNumber", "e"."StartPublish", "e"."StopPublish"
      FROM "EventContentVersions" AS "e"
      WHERE "e"."RootId" = @ids1
info: Microsoft.EntityFrameworkCore.Database.Command[20101]
      Executed DbCommand (0ms) [Parameters=[@ids1='?' (DbType = Int32)], CommandType='Text', CommandTimeout='30']
      SELECT "e"."RootId", "e"."Language", "e"."VersionNumber", "e"."StartPublish", "e"."StopPublish"
      FROM "EventContentTranslations" AS "e"
      WHERE "e"."RootId" = @ids1
info: Microsoft.EntityFrameworkCore.Database.Command[20101]
      Executed DbCommand (0ms) [Parameters=[@ids1='?' (DbType = Int32)], CommandType='Text', CommandTimeout='30']
      SELECT "e"."RootId", MAX("e"."Created") AS "Created"
      FROM "EventContentVersions" AS "e"
      WHERE "e"."RootId" = @ids1
      GROUP BY "e"."RootId"
      UNION ALL
      SELECT "e0"."RootId", MAX("e0"."Created") AS "Created"
      FROM "EventContentTranslations" AS "e0"
      WHERE "e0"."RootId" = @ids1
      GROUP BY "e0"."RootId"
info: Microsoft.EntityFrameworkCore.Database.Command[20101]
      Executed DbCommand (0ms) [Parameters=[@ids1='?' (DbType = Int32)], CommandType='Text', CommandTimeout='30']
      SELECT "c"."Id", "c"."ContentTypeKey", "c"."Created", "c"."MasterLanguage"
      FROM "ContentRoots" AS "c"
      WHERE "c"."Id" = @ids1
